{
  "version": "0.6.1",
  "name": "zhiliao",
  "dependencies": {
    "@tiptap/extension-code-block": {
      "version": "2.27.2",
      "resolved": "https://registry.npmmirror.com/@tiptap/extension-code-block/-/extension-code-block-2.27.2.tgz",
      "overridden": false,
      "dependencies": {
        "@tiptap/core": {
          "version": "2.27.3",
          "resolved": "https://registry.npmjs.org/@tiptap/core/-/core-2.27.3.tgz",
          "overridden": true
        }
      }
    },
    "@tiptap/extension-image": {
      "version": "2.27.2",
      "resolved": "https://registry.npmmirror.com/@tiptap/extension-image/-/extension-image-2.27.2.tgz",
      "overridden": false,
      "dependencies": {
        "@tiptap/core": {
          "version": "2.27.3"
        }
      }
    },
    "@tiptap/extension-link": {
      "version": "2.27.2",
      "resolved": "https://registry.npmmirror.com/@tiptap/extension-link/-/extension-link-2.27.2.tgz",
      "overridden": false,
      "dependencies": {
        "@tiptap/core": {
          "version": "2.27.3"
        }
      }
    },
    "@tiptap/extension-placeholder": {
      "version": "2.27.2",
      "resolved": "https://registry.npmmirror.com/@tiptap/extension-placeholder/-/extension-placeholder-2.27.2.tgz",
      "overridden": false,
      "dependencies": {
        "@tiptap/core": {
          "version": "2.27.3"
        }
      }
    },
    "@tiptap/extension-table-cell": {
      "version": "2.27.2",
      "resolved": "https://registry.npmmirror.com/@tiptap/extension-table-cell/-/extension-table-cell-2.27.2.tgz",
      "overridden": false,
      "dependencies": {
        "@tiptap/core": {
          "version": "2.27.3"
        }
      }
    },
    "@tiptap/extension-table-header": {
      "version": "2.27.2",
      "resolved": "https://registry.npmmirror.com/@tiptap/extension-table-header/-/extension-table-header-2.27.2.tgz",
      "overridden": false,
      "dependencies": {
        "@tiptap/core": {
          "version": "2.27.3"
        }
      }
    },
    "@tiptap/extension-table-row": {
      "version": "2.27.2",
      "resolved": "https://registry.npmmirror.com/@tiptap/extension-table-row/-/extension-table-row-2.27.2.tgz",
      "overridden": false,
      "dependencies": {
        "@tiptap/core": {
          "version": "2.27.3"
        }
      }
    },
    "@tiptap/extension-table": {
      "version": "2.27.2",
      "resolved": "https://registry.npmmirror.com/@tiptap/extension-table/-/extension-table-2.27.2.tgz",
      "overridden": false,
      "dependencies": {
        "@tiptap/core": {
          "version": "2.27.3"
        }
      }
    },
    "@tiptap/react": {
      "version": "2.27.2",
      "resolved": "https://registry.npmmirror.com/@tiptap/react/-/react-2.27.2.tgz",
      "overridden": false,
      "dependencies": {
        "@tiptap/core": {
          "version": "2.27.3"
        },
        "@tiptap/extension-bubble-menu": {
          "version": "2.27.2",
          "resolved": "https://registry.npmmirror.com/@tiptap/extension-bubble-menu/-/extension-bubble-menu-2.27.2.tgz",
          "overridden": false,
          "dependencies": {
            "@tiptap/core": {
              "version": "2.27.3"
            }
          }
        },
        "@tiptap/extension-floating-menu": {
          "version": "2.27.2",
          "resolved": "https://registry.npmmirror.com/@tiptap/extension-floating-menu/-/extension-floating-menu-2.27.2.tgz",
          "overridden": false,
          "dependencies": {
            "@tiptap/core": {
              "version": "2.27.3"
            }
          }
        }
      }
    },
    "@tiptap/starter-kit": {
      "version": "2.27.2",
      "resolved": "https://registry.npmmirror.com/@tiptap/starter-kit/-/starter-kit-2.27.2.tgz",
      "overridden": false,
      "dependencies": {
        "@tiptap/core": {
          "version": "2.27.3"
        },
        "@tiptap/extension-blockquote": {
          "version": "2.27.2",
          "resolved": "https://registry.npmmirror.com/@tiptap/extension-blockquote/-/extension-blockquote-2.27.2.tgz",
          "overridden": false,
          "dependencies": {
            "@tiptap/core": {
              "version": "2.27.3"
            }
          }
        },
        "@tiptap/extension-bold": {
          "version": "2.27.2",
          "resolved": "https://registry.npmmirror.com/@tiptap/extension-bold/-/extension-bold-2.27.2.tgz",
          "overridden": false,
          "dependencies": {
            "@tiptap/core": {
              "version": "2.27.3"
            }
          }
        },
        "@tiptap/extension-bullet-list": {
          "version": "2.27.2",
          "resolved": "https://registry.npmmirror.com/@tiptap/extension-bullet-list/-/extension-bullet-list-2.27.2.tgz",
          "overridden": false,
          "dependencies": {
            "@tiptap/core": {
              "version": "2.27.3"
            }
          }
        },
        "@tiptap/extension-code": {
          "version": "2.27.2",
          "resolved": "https://registry.npmmirror.com/@tiptap/extension-code/-/extension-code-2.27.2.tgz",
          "overridden": false,
          "dependencies": {
            "@tiptap/core": {
              "version": "2.27.3"
            }
          }
        },
        "@tiptap/extension-document": {
          "version": "2.27.2",
          "resolved": "https://registry.npmmirror.com/@tiptap/extension-document/-/extension-document-2.27.2.tgz",
          "overridden": false,
          "dependencies": {
            "@tiptap/core": {
              "version": "2.27.3"
            }
          }
        },
        "@tiptap/extension-dropcursor": {
          "version": "2.27.2",
          "resolved": "https://registry.npmmirror.com/@tiptap/extension-dropcursor/-/extension-dropcursor-2.27.2.tgz",
          "overridden": false,
          "dependencies": {
            "@tiptap/core": {
              "version": "2.27.3"
            }
          }
        },
        "@tiptap/extension-gapcursor": {
          "version": "2.27.2",
          "resolved": "https://registry.npmmirror.com/@tiptap/extension-gapcursor/-/extension-gapcursor-2.27.2.tgz",
          "overridden": false,
          "dependencies": {
            "@tiptap/core": {
              "version": "2.27.3"
            }
          }
        },
        "@tiptap/extension-hard-break": {
          "version": "2.27.2",
          "resolved": "https://registry.npmmirror.com/@tiptap/extension-hard-break/-/extension-hard-break-2.27.2.tgz",
          "overridden": false,
          "dependencies": {
            "@tiptap/core": {
              "version": "2.27.3"
            }
          }
        },
        "@tiptap/extension-heading": {
          "version": "2.27.2",
          "resolved": "https://registry.npmmirror.com/@tiptap/extension-heading/-/extension-heading-2.27.2.tgz",
          "overridden": false,
          "dependencies": {
            "@tiptap/core": {
              "version": "2.27.3"
            }
          }
        },
        "@tiptap/extension-history": {
          "version": "2.27.2",
          "resolved": "https://registry.npmmirror.com/@tiptap/extension-history/-/extension-history-2.27.2.tgz",
          "overridden": false,
          "dependencies": {
            "@tiptap/core": {
              "version": "2.27.3"
            }
          }
        },
        "@tiptap/extension-horizontal-rule": {
          "version": "2.27.2",
          "resolved": "https://registry.npmmirror.com/@tiptap/extension-horizontal-rule/-/extension-horizontal-rule-2.27.2.tgz",
          "overridden": false,
          "dependencies": {
            "@tiptap/core": {
              "version": "2.27.3"
            }
          }
        },
        "@tiptap/extension-italic": {
          "version": "2.27.2",
          "resolved": "https://registry.npmmirror.com/@tiptap/extension-italic/-/extension-italic-2.27.2.tgz",
          "overridden": false,
          "dependencies": {
            "@tiptap/core": {
              "version": "2.27.3"
            }
          }
        },
        "@tiptap/extension-list-item": {
          "version": "2.27.2",
          "resolved": "https://registry.npmmirror.com/@tiptap/extension-list-item/-/extension-list-item-2.27.2.tgz",
          "overridden": false,
          "dependencies": {
            "@tiptap/core": {
              "version": "2.27.3"
            }
          }
        },
        "@tiptap/extension-ordered-list": {
          "version": "2.27.2",
          "resolved": "https://registry.npmmirror.com/@tiptap/extension-ordered-list/-/extension-ordered-list-2.27.2.tgz",
          "overridden": false,
          "dependencies": {
            "@tiptap/core": {
              "version": "2.27.3"
            }
          }
        },
        "@tiptap/extension-paragraph": {
          "version": "2.27.2",
          "resolved": "https://registry.npmmirror.com/@tiptap/extension-paragraph/-/extension-paragraph-2.27.2.tgz",
          "overridden": false,
          "dependencies": {
            "@tiptap/core": {
              "version": "2.27.3"
            }
          }
        },
        "@tiptap/extension-strike": {
          "version": "2.27.2",
          "resolved": "https://registry.npmmirror.com/@tiptap/extension-strike/-/extension-strike-2.27.2.tgz",
          "overridden": false,
          "dependencies": {
            "@tiptap/core": {
              "version": "2.27.3"
            }
          }
        },
        "@tiptap/extension-text-style": {
          "version": "2.27.2",
          "resolved": "https://registry.npmmirror.com/@tiptap/extension-text-style/-/extension-text-style-2.27.2.tgz",
          "overridden": false,
          "dependencies": {
            "@tiptap/core": {
              "version": "2.27.3"
            }
          }
        },
        "@tiptap/extension-text": {
          "version": "2.27.2",
          "resolved": "https://registry.npmmirror.com/@tiptap/extension-text/-/extension-text-2.27.2.tgz",
          "overridden": false,
          "dependencies": {
            "@tiptap/core": {
              "version": "2.27.3"
            }
          }
        }
      }
    },
    "tiptap-markdown": {
      "version": "0.8.10",
      "resolved": "https://registry.npmmirror.com/tiptap-markdown/-/tiptap-markdown-0.8.10.tgz",
      "overridden": false,
      "dependencies": {
        "@tiptap/core": {
          "version": "2.27.3"
        }
      }
    }
  }
}
