M	.gitattributes
M	.github/workflows/release.yml
M	.gitignore
M	CHANGELOG.md
M	CONTRIBUTING.md
A	_bmad-output/implementation-artifacts/code-review-client-note-blind-hunter.md
A	_bmad-output/implementation-artifacts/code-review-client-note-edge-case-hunter.md
A	_bmad-output/implementation-artifacts/code-review-client-note-verification-gap.md
A	_bmad-output/implementation-artifacts/code-review-r1-core-loop-acceptance-auditor.md
A	_bmad-output/implementation-artifacts/code-review-r1-core-loop-blind-hunter.md
A	_bmad-output/implementation-artifacts/code-review-r1-core-loop-edge-case-hunter.md
A	_bmad-output/implementation-artifacts/code-review-r1-core-loop-verification-gap.md
M	_bmad-output/implementation-artifacts/deferred-work.md
A	_bmad-output/implementation-artifacts/review-0-6-1-baseline-r2-preparation.md
A	_bmad-output/implementation-artifacts/review-0-6-1-final-release-gates.md
A	_bmad-output/implementation-artifacts/review-0-6-1-upgrade-rollback-rehearsal.md
A	_bmad-output/implementation-artifacts/review-client-note-closure.md
A	_bmad-output/implementation-artifacts/review-prompt-public-corpus-blind-hunter.md
A	_bmad-output/implementation-artifacts/review-prompt-public-corpus-edge-case-hunter.md
A	_bmad-output/implementation-artifacts/review-prompt-public-corpus-verification-gap.md
A	_bmad-output/implementation-artifacts/review-r2-browser-followup-b.md
A	_bmad-output/implementation-artifacts/review-r2-browser-followup.md
A	_bmad-output/implementation-artifacts/review-r2-heic-image-read.md
A	_bmad-output/implementation-artifacts/review-r2-official-registry.md
A	_bmad-output/implementation-artifacts/review-r2-run-d.md
A	_bmad-output/implementation-artifacts/review-r3-gate4-preparation.md
A	_bmad-output/implementation-artifacts/spec-0-6-1-baseline-r2-preparation.md
A	_bmad-output/implementation-artifacts/spec-0-6-1-final-release-gates.md
A	_bmad-output/implementation-artifacts/spec-0-6-1-tiptap-browser-acceptance.md
A	_bmad-output/implementation-artifacts/spec-0-6-1-upgrade-rollback-rehearsal.md
A	_bmad-output/implementation-artifacts/spec-r1-core-loop.md
A	_bmad-output/implementation-artifacts/spec-r2-browser-followup-b.md
A	_bmad-output/implementation-artifacts/spec-r2-browser-followup.md
A	_bmad-output/implementation-artifacts/spec-r2-heic-image-read.md
A	_bmad-output/implementation-artifacts/spec-r2-official-registry.md
A	_bmad-output/implementation-artifacts/spec-r2-run-d.md
A	_bmad-output/implementation-artifacts/spec-r3-gate4-distribution.md
A	_bmad-output/party-mode/2026-09-22-圆桌第四场.html
A	_bmad-output/party-mode/memories/installed/.memlog.md
M	_bmad-output/planning-artifacts/prds/prd-知了-2026-09-19/.memlog.md
A	_bmad-output/planning-artifacts/prds/prd-知了-2026-09-19/addendum.md
M	_bmad-output/planning-artifacts/prds/prd-知了-2026-09-19/prd.md
A	_bmad-output/planning-artifacts/prds/prd-知了-2026-09-19/reconcile-brief.md
A	_bmad-output/planning-artifacts/prds/prd-知了-2026-09-19/review-editorial.md
A	_bmad-output/planning-artifacts/prds/prd-知了-2026-09-19/review-rubric.md
A	_bmad-output/planning-artifacts/prds/prd-知了-2026-09-19/基线期记录.md
A	docs/0.6.1候选定稿-2026-09-28.md
A	docs/0.6.1候选范围核对-2026-09-22.md
A	docs/0.6.1收口与R2验收计划-2026-09-23.md
A	docs/R2出口与恢复操作单-2026-09-23.md
A	docs/R3门禁4修复后候选推送与PR-CI执行单-2026-09-29.md
A	docs/R3门禁4候选推送与PR-CI执行单-2026-09-29.md
A	docs/R3门禁4最终候选提交与PR-CI执行单-2026-09-29.md
A	docs/R3门禁4最终候选收口与RC执行单-2026-09-29.md
A	docs/R3门禁4环境调查与验收计划-2026-09-29.md
A	docs/R3门禁4预览预算修复后候选推送与PR-CI执行单-2026-09-29.md
M	docs/README.md
M	docs/TipTap残余风险调查-2026-09-19.md
M	docs/UI规范.md
M	docs/adr/0010-grounded-source-chat.md
M	docs/adr/0016-shared-prose-layer.md
A	docs/patches/r3-gate4-rc-20260929/README.md
A	docs/patches/r3-gate4-rc-20260929/proposed.patch
A	docs/patches/r3-gate4-rc-20260929/snapshot.json
A	docs/patches/r3-gate4-rc-20260929/targets.json
A	docs/r3-gate4-rc-preparation-inputs-20260929.json
M	docs/releases/v0.6.1.md
M	docs/产品规划/README.md
M	docs/产品规划/开源发布范围与执行清单-2026-09-13.md
M	docs/产品规划/手机快捷记录首版开发验收-2026-08-31.md
M	docs/图片与深度思考测试指南.md
M	docs/备份与恢复.md
M	docs/开发日志.md
M	docs/开发规范.md
A	docs/验收证据/0.6.1-baseline-2026-09-23/README.md
A	docs/验收证据/0.6.1-baseline-2026-09-23/b1-command.json
A	docs/验收证据/0.6.1-baseline-2026-09-23/b1.json
A	docs/验收证据/0.6.1-baseline-2026-09-23/candidate-identity.json
A	docs/验收证据/0.6.1-baseline-2026-09-23/candidate-inputs.json
A	docs/验收证据/0.6.1-baseline-2026-09-23/r1-final-patches-command.json
A	docs/验收证据/0.6.1-baseline-2026-09-23/r1-final-patches.json
A	docs/验收证据/0.6.1-baseline-2026-09-23/r2/compare.py
A	docs/验收证据/0.6.1-baseline-2026-09-23/r2/compose.yml
A	docs/验收证据/0.6.1-baseline-2026-09-23/r2/fixture.cjs
A	docs/验收证据/0.6.1-baseline-2026-09-23/r2/fixtures/README.md
A	docs/验收证据/0.6.1-baseline-2026-09-23/r2/fixtures/decode.json
A	docs/验收证据/0.6.1-baseline-2026-09-23/r2/fixtures/generate.py
A	docs/验收证据/0.6.1-baseline-2026-09-23/r2/fixtures/pattern-preview.jpg
A	docs/验收证据/0.6.1-baseline-2026-09-23/r2/fixtures/pattern.heic
A	docs/验收证据/0.6.1-baseline-2026-09-23/r2/fixtures/pattern.png
A	docs/验收证据/0.6.1-baseline-2026-09-23/r2/inspect.cjs
A	docs/验收证据/0.6.1-baseline-2026-09-23/r2/prepare-workspace.ps1
A	docs/验收证据/0.6.1-baseline-2026-09-23/r2/ui.yml
A	docs/验收证据/0.6.1-baseline-2026-09-23/sheet-dry-run.ps1
A	docs/验收证据/0.6.1-baseline-2026-09-23/targeted-lint-command.json
A	docs/验收证据/0.6.1-baseline-2026-09-23/version-command.json
A	docs/验收证据/0.6.1-heic-read-2026-09-27/.gitattributes
A	docs/验收证据/0.6.1-heic-read-2026-09-27/README.md
A	docs/验收证据/0.6.1-heic-read-2026-09-27/candidate-identity.json
A	docs/验收证据/0.6.1-heic-read-2026-09-27/candidate-inputs.json
A	docs/验收证据/0.6.1-heic-read-2026-09-27/check-local.py
A	docs/验收证据/0.6.1-heic-read-2026-09-27/check-preparation.ps1
A	docs/验收证据/0.6.1-heic-read-2026-09-27/historical-hashes.json
A	docs/验收证据/0.6.1-heic-read-2026-09-27/input-comparison.json
A	docs/验收证据/0.6.1-heic-read-2026-09-27/lint.log.txt
A	docs/验收证据/0.6.1-heic-read-2026-09-27/local-check.json
A	docs/验收证据/0.6.1-heic-read-2026-09-27/preparation-check.json
A	docs/验收证据/0.6.1-heic-read-2026-09-27/regression-final.log.txt
A	docs/验收证据/0.6.1-heic-read-2026-09-27/regression-green.log.txt
A	docs/验收证据/0.6.1-heic-read-2026-09-27/regression-red.log.txt
A	docs/验收证据/0.6.1-heic-read-2026-09-27/sheet-final.log.txt
A	docs/验收证据/0.6.1-heic-read-2026-09-27/sheet.log.txt
A	docs/验收证据/0.6.1-heic-read-2026-09-27/tsconfig.local.json
A	docs/验收证据/0.6.1-heic-read-2026-09-27/types.log.txt
A	docs/验收证据/0.6.1-heic-read-2026-09-27/validation.json
A	docs/验收证据/0.6.1-heic-read-2026-09-27/version.log.txt
A	docs/验收证据/0.6.1-registry-2026-09-27/README.md
A	docs/验收证据/0.6.1-registry-2026-09-27/candidate-identity.json
A	docs/验收证据/0.6.1-registry-2026-09-27/candidate-inputs.json
A	docs/验收证据/0.6.1-registry-2026-09-27/check-local.py
A	docs/验收证据/0.6.1-registry-2026-09-27/failed-builds.json
A	docs/验收证据/0.6.1-registry-2026-09-27/failed-builds/.gitattributes
A	docs/验收证据/0.6.1-registry-2026-09-27/failed-builds/a/build.log.txt
A	docs/验收证据/0.6.1-registry-2026-09-27/failed-builds/a/resources-after.txt
A	docs/验收证据/0.6.1-registry-2026-09-27/failed-builds/a/resources-before.txt
A	docs/验收证据/0.6.1-registry-2026-09-27/failed-builds/b/build.log.txt
A	docs/验收证据/0.6.1-registry-2026-09-27/failed-builds/b/resources-after.txt
A	docs/验收证据/0.6.1-registry-2026-09-27/failed-builds/b/resources-before.txt
A	docs/验收证据/0.6.1-registry-2026-09-27/local-check.json
A	docs/验收证据/0.6.1-registry-2026-09-27/local-final-check.json
A	docs/验收证据/0.6.1-registry-2026-09-27/lock-comparison.json
A	docs/验收证据/0.6.1-registry-2026-09-27/preparation-check.json
A	docs/验收证据/0.6.1-registry-2026-09-27/sheet-check.json
A	docs/验收证据/0.6.1-registry-2026-09-27/sheet-final-check.json
A	docs/验收证据/r1-core-loop-2026-09-19T1601/summary.json
A	docs/验收证据/r1-core-loop-2026-09-19T1641/summary.json
A	docs/验收证据/r1-core-loop-2026-09-19T1644/data-dirs-after.json
A	docs/验收证据/r1-core-loop-2026-09-19T1644/data-dirs-before.json
A	docs/验收证据/r1-core-loop-2026-09-19T1644/summary.json
A	docs/验收证据/r1-core-loop-2026-09-19T1653/data-dirs-after.json
A	docs/验收证据/r1-core-loop-2026-09-19T1653/data-dirs-before.json
A	docs/验收证据/r1-core-loop-2026-09-19T1653/summary.json
A	docs/验收证据/r1-core-loop-2026-09-22T1456/data-dirs-after.json
A	docs/验收证据/r1-core-loop-2026-09-22T1456/data-dirs-before.json
A	docs/验收证据/r1-core-loop-2026-09-22T1456/summary.json
A	docs/验收证据/r1-core-loop-2026-09-22T1516/data-dirs-after.json
A	docs/验收证据/r1-core-loop-2026-09-22T1516/data-dirs-before.json
A	docs/验收证据/r1-core-loop-2026-09-22T1516/summary.json
A	docs/验收证据/r1-core-loop-2026-09-22T1540/data-dirs-after.json
A	docs/验收证据/r1-core-loop-2026-09-22T1540/data-dirs-before.json
A	docs/验收证据/r1-core-loop-2026-09-22T1540/export.zip
A	docs/验收证据/r1-core-loop-2026-09-22T1540/summary.json
A	docs/验收证据/r1-core-loop-2026-09-22T1608/data-dirs-after.json
A	docs/验收证据/r1-core-loop-2026-09-22T1608/data-dirs-before.json
A	docs/验收证据/r1-core-loop-2026-09-22T1608/summary.json
A	docs/验收证据/r1-core-loop-2026-09-23T0021/data-dirs-after.json
A	docs/验收证据/r1-core-loop-2026-09-23T0021/data-dirs-before.json
A	docs/验收证据/r1-core-loop-2026-09-23T0021/summary.json
A	docs/验收证据/r1-core-loop-2026-09-23T0114/data-dirs-after.json
A	docs/验收证据/r1-core-loop-2026-09-23T0114/data-dirs-before.json
A	docs/验收证据/r1-core-loop-2026-09-23T0114/notes.json
A	docs/验收证据/r1-core-loop-2026-09-23T0114/summary.json
A	docs/验收证据/r2-061-20260927-c/.gitattributes
A	docs/验收证据/r2-061-20260927-c/README.md
A	docs/验收证据/r2-061-20260927-c/archive-check.json
A	docs/验收证据/r2-061-20260927-c/archive-manifest.json
A	docs/验收证据/r2-061-20260927-c/build.log.txt
A	docs/验收证据/r2-061-20260927-c/candidate-identity.json
A	docs/验收证据/r2-061-20260927-c/candidate-inputs.json
A	docs/验收证据/r2-061-20260927-c/failure-import-app.log.txt
A	docs/验收证据/r2-061-20260927-c/failure-restore-app.log.txt
A	docs/验收证据/r2-061-20260927-c/failure-source-app.log.txt
A	docs/验收证据/r2-061-20260927-c/image-failure-probe.json
A	docs/验收证据/r2-061-20260927-c/image.json
A	docs/验收证据/r2-061-20260927-c/import-app.log.txt
A	docs/验收证据/r2-061-20260927-c/import-state.json
A	docs/验收证据/r2-061-20260927-c/import/import-reports.json
A	docs/验收证据/r2-061-20260927-c/operation-sheet.md
A	docs/验收证据/r2-061-20260927-c/package/compare.py
A	docs/验收证据/r2-061-20260927-c/package/compose.yml
A	docs/验收证据/r2-061-20260927-c/package/fixture.cjs
A	docs/验收证据/r2-061-20260927-c/package/fixtures/README.md
A	docs/验收证据/r2-061-20260927-c/package/fixtures/decode.json
A	docs/验收证据/r2-061-20260927-c/package/fixtures/generate.py
A	docs/验收证据/r2-061-20260927-c/package/fixtures/pattern-preview.jpg
A	docs/验收证据/r2-061-20260927-c/package/fixtures/pattern.heic
A	docs/验收证据/r2-061-20260927-c/package/fixtures/pattern.png
A	docs/验收证据/r2-061-20260927-c/package/inspect.cjs
A	docs/验收证据/r2-061-20260927-c/package/prepare-workspace.ps1
A	docs/验收证据/r2-061-20260927-c/package/ui.yml
A	docs/验收证据/r2-061-20260927-c/resources-after.txt
A	docs/验收证据/r2-061-20260927-c/resources-before.txt
A	docs/验收证据/r2-061-20260927-c/restore-before-start.json
A	docs/验收证据/r2-061-20260927-c/retained-volumes.json
A	docs/验收证据/r2-061-20260927-c/run-stage.ps1
A	docs/验收证据/r2-061-20260927-c/runtime-containers.json
A	docs/验收证据/r2-061-20260927-c/snapshot-after-failure.json
A	docs/验收证据/r2-061-20260927-c/snapshot-before.json
A	docs/验收证据/r2-061-20260927-c/snapshot/app.db
A	docs/验收证据/r2-061-20260927-c/snapshot/uploads/e03aab43-df51-41a6-a409-ba143c5984e7.heic
A	docs/验收证据/r2-061-20260927-c/snapshot/uploads/e03aab43-df51-41a6-a409-ba143c5984e7.jpg
A	docs/验收证据/r2-061-20260927-c/snapshot/uploads/j8nrrw7ae4sr6jfonsbplr5x.png
A	docs/验收证据/r2-061-20260927-c/source-app.log.txt
A	docs/验收证据/r2-061-20260927-c/source-markdown/R2 导出_图片/R2 标题_改名-kieo0y6bo5lmf1n21boiyoxl.md
A	docs/验收证据/r2-061-20260927-c/source-markdown/未分类/R2 image-xwwgux8i7qhtte0vzlpz5ahu.md
A	docs/验收证据/r2-061-20260927-c/source-markdown/未分类/R2 long-as6mf0uoqctuzj5oih49047s.md
A	docs/验收证据/r2-061-20260927-c/source-state.json
A	docs/验收证据/r2-061-20260927-c/source/backup.json
A	docs/验收证据/r2-061-20260927-c/source/export.zip
A	docs/验收证据/r2-061-20260927-c/source/seed.json
A	docs/验收证据/r2-061-20260927-c/stages.jsonl
A	docs/验收证据/r2-061-20260927-c/summary.json
A	docs/验收证据/r2-061-20260927-c/transcript.txt
A	docs/验收证据/r2-061-20260927-d/.gitattributes
A	docs/验收证据/r2-061-20260927-d/README.md
A	docs/验收证据/r2-061-20260927-d/archive-check.json
A	docs/验收证据/r2-061-20260927-d/archive-manifest.json
A	docs/验收证据/r2-061-20260927-d/browser-check.cjs
A	docs/验收证据/r2-061-20260927-d/browser-diagnosis.json
A	docs/验收证据/r2-061-20260927-d/browser.json
A	docs/验收证据/r2-061-20260927-d/browser/01-home.png
A	docs/验收证据/r2-061-20260927-d/browser/02-short.png
A	docs/验收证据/r2-061-20260927-d/browser/failure.png
A	docs/验收证据/r2-061-20260927-d/build.log.txt
A	docs/验收证据/r2-061-20260927-d/candidate-identity.json
A	docs/验收证据/r2-061-20260927-d/candidate-inputs.json
A	docs/验收证据/r2-061-20260927-d/image.json
A	docs/验收证据/r2-061-20260927-d/import-app.log.txt
A	docs/验收证据/r2-061-20260927-d/import-state.json
A	docs/验收证据/r2-061-20260927-d/import/export.zip
A	docs/验收证据/r2-061-20260927-d/import/import-reports.json
A	docs/验收证据/r2-061-20260927-d/old-run-c-after.txt
A	docs/验收证据/r2-061-20260927-d/old-run-c-before-verified.txt
A	docs/验收证据/r2-061-20260927-d/old-run-c-before.txt
A	docs/验收证据/r2-061-20260927-d/operation-sheet.md
A	docs/验收证据/r2-061-20260927-d/package/compare.py
A	docs/验收证据/r2-061-20260927-d/package/compose.yml
A	docs/验收证据/r2-061-20260927-d/package/fixture.cjs
A	docs/验收证据/r2-061-20260927-d/package/fixtures/README.md
A	docs/验收证据/r2-061-20260927-d/package/fixtures/decode.json
A	docs/验收证据/r2-061-20260927-d/package/fixtures/generate.py
A	docs/验收证据/r2-061-20260927-d/package/fixtures/pattern-preview.jpg
A	docs/验收证据/r2-061-20260927-d/package/fixtures/pattern.heic
A	docs/验收证据/r2-061-20260927-d/package/fixtures/pattern.png
A	docs/验收证据/r2-061-20260927-d/package/inspect.cjs
A	docs/验收证据/r2-061-20260927-d/package/prepare-workspace.ps1
A	docs/验收证据/r2-061-20260927-d/package/ui.yml
A	docs/验收证据/r2-061-20260927-d/protection-check.json
A	docs/验收证据/r2-061-20260927-d/resources-after.txt
A	docs/验收证据/r2-061-20260927-d/resources-before.txt
A	docs/验收证据/r2-061-20260927-d/restore-after-start.json
A	docs/验收证据/r2-061-20260927-d/restore-app.log.txt
A	docs/验收证据/r2-061-20260927-d/restore-before-start.json
A	docs/验收证据/r2-061-20260927-d/restore-ui-app.log.txt
A	docs/验收证据/r2-061-20260927-d/restore/persist.json
A	docs/验收证据/r2-061-20260927-d/restore/readback.json
A	docs/验收证据/r2-061-20260927-d/retained-volumes.json
A	docs/验收证据/r2-061-20260927-d/run-stage.ps1
A	docs/验收证据/r2-061-20260927-d/runtime-containers.json
A	docs/验收证据/r2-061-20260927-d/snapshot-after.json
A	docs/验收证据/r2-061-20260927-d/snapshot-before.json
A	docs/验收证据/r2-061-20260927-d/snapshot/app.db
A	docs/验收证据/r2-061-20260927-d/snapshot/uploads/758a22e3-4432-43a6-8817-ae7e323eada8.heic
A	docs/验收证据/r2-061-20260927-d/snapshot/uploads/758a22e3-4432-43a6-8817-ae7e323eada8.jpg
A	docs/验收证据/r2-061-20260927-d/snapshot/uploads/ubh14wminnczl8qi9or9jx8r.png
A	docs/验收证据/r2-061-20260927-d/source-app.log.txt
A	docs/验收证据/r2-061-20260927-d/source-markdown/R2 导出_图片/R2 标题_改名-d8lnacgxilnpdauzn4cri4to.md
A	docs/验收证据/r2-061-20260927-d/source-markdown/未分类/R2 image-snrkv63vk4d6cjt6eitfzxxz.md
A	docs/验收证据/r2-061-20260927-d/source-markdown/未分类/R2 long-dghv1g2h76if0xwgtanjog74.md
A	docs/验收证据/r2-061-20260927-d/source-state.json
A	docs/验收证据/r2-061-20260927-d/source/backup.json
A	docs/验收证据/r2-061-20260927-d/source/export.zip
A	docs/验收证据/r2-061-20260927-d/source/seed.json
A	docs/验收证据/r2-061-20260927-d/stages.jsonl
A	docs/验收证据/r2-061-20260927-d/summary.json
A	docs/验收证据/r2-061-20260927-d/transcript.txt
A	docs/验收证据/r2-browser-061-20260927-a/.gitattributes
A	docs/验收证据/r2-browser-061-20260927-a/README.md
A	docs/验收证据/r2-browser-061-20260927-a/browser-check.cjs
A	docs/验收证据/r2-browser-061-20260927-a/browser.json
A	docs/验收证据/r2-browser-061-20260927-a/browser.log.txt
A	docs/验收证据/r2-browser-061-20260927-a/browser/01-home.png
A	docs/验收证据/r2-browser-061-20260927-a/browser/02-short.png
A	docs/验收证据/r2-browser-061-20260927-a/browser/03-long-png.png
A	docs/验收证据/r2-browser-061-20260927-a/browser/failure.png
A	docs/验收证据/r2-browser-061-20260927-a/execution.json
A	docs/验收证据/r2-browser-061-20260927-a/old-files-after.json
A	docs/验收证据/r2-browser-061-20260927-a/old-files-before.json
A	docs/验收证据/r2-browser-061-20260927-a/protection-check.json
A	docs/验收证据/r2-browser-061-20260927-a/resources-after.json
A	docs/验收证据/r2-browser-061-20260927-a/resources-before.json
A	docs/验收证据/r2-browser-061-20260927-a/restore-app.log.txt
A	docs/验收证据/r2-browser-061-20260927-a/restore-running.json
A	docs/验收证据/r2-browser-061-20260927-a/run-browser.py
A	docs/验收证据/r2-browser-061-20260927-b/.gitattributes
A	docs/验收证据/r2-browser-061-20260927-b/README.md
A	docs/验收证据/r2-browser-061-20260927-b/browser-check.cjs
A	docs/验收证据/r2-browser-061-20260927-b/browser.json
A	docs/验收证据/r2-browser-061-20260927-b/browser.log.txt
A	docs/验收证据/r2-browser-061-20260927-b/browser/01-home.png
A	docs/验收证据/r2-browser-061-20260927-b/browser/02-short.png
A	docs/验收证据/r2-browser-061-20260927-b/browser/03-long-png.png
A	docs/验收证据/r2-browser-061-20260927-b/browser/04-heic-jpeg.png
A	docs/验收证据/r2-browser-061-20260927-b/browser/05-search.png
A	docs/验收证据/r2-browser-061-20260927-b/browser/06-history-source.png
A	docs/验收证据/r2-browser-061-20260927-b/execution.json
A	docs/验收证据/r2-browser-061-20260927-b/old-files-after.json
A	docs/验收证据/r2-browser-061-20260927-b/old-files-before.json
A	docs/验收证据/r2-browser-061-20260927-b/protection-check.json
A	docs/验收证据/r2-browser-061-20260927-b/resources-after.json
A	docs/验收证据/r2-browser-061-20260927-b/resources-before.json
A	docs/验收证据/r2-browser-061-20260927-b/restore-app.log.txt
A	docs/验收证据/r2-browser-061-20260927-b/restore-running.json
A	docs/验收证据/r2-browser-061-20260927-b/run-browser.py
A	docs/验收证据/r3-gate4-final-preparation-20260929-a/README.md
A	docs/验收证据/r3-gate4-final-preparation-20260929-a/inputs.json
A	docs/验收证据/r3-gate4-final-preparation-20260929-a/local-remote.json
A	docs/验收证据/r3-gate4-final-preparation-20260929-a/review.json
A	docs/验收证据/r3-gate4-preparation-20260929-a/README.md
A	docs/验收证据/r3-gate4-preparation-20260929-a/checks.json
A	docs/验收证据/r3-gate4-preparation-20260929-a/inputs.json
A	docs/验收证据/r3-gate4-preparation-20260929-a/test-results.json
A	docs/验收证据/r3-gate4-preview-timeout-20260929-a/README.md
A	docs/验收证据/r3-gate4-preview-timeout-20260929-a/before.json
A	docs/验收证据/r3-gate4-preview-timeout-20260929-a/checks.json
A	docs/验收证据/r3-gate4-preview-timeout-20260929-a/eslint-output.txt
A	docs/验收证据/r3-gate4-preview-timeout-20260929-a/files.sha256.json
A	docs/验收证据/r3-gate4-preview-timeout-20260929-a/inputs.json
A	docs/验收证据/r3-gate4-preview-timeout-20260929-a/observe-preview.cjs
A	docs/验收证据/r3-gate4-preview-timeout-20260929-a/preservation.json
A	docs/验收证据/r3-gate4-preview-timeout-20260929-a/preview-processes.jsonl
A	docs/验收证据/r3-gate4-preview-timeout-20260929-a/test-change.patch
A	docs/验收证据/r3-gate4-preview-timeout-20260929-a/tests-after.json
A	docs/验收证据/r3-gate4-preview-timeout-20260929-a/tests-output.txt
A	docs/验收证据/r3-gate4-rc-local-20260929-a/README.md
A	docs/验收证据/r3-gate4-rc-local-20260929-a/application.json
A	docs/验收证据/r3-gate4-rc-local-20260929-a/candidate-inputs.json
A	docs/验收证据/r3-gate4-rc-local-20260929-a/checks.json
A	docs/验收证据/r3-gate4-rc-local-20260929-a/closeout.json
A	docs/验收证据/r3-gate4-rc-local-20260929-a/files.sha256.json
A	docs/验收证据/r3-gate4-rc-local-20260929-a/preservation-before.json
A	docs/验收证据/r3-gate4-rc-local-20260929-a/run-checks.py
A	docs/验收证据/r3-gate4-rc-local-20260929-a/tests.json
A	docs/验收证据/r3-gate4-rc-local-20260929-a/verification-inputs.json
A	docs/验收证据/r3-gate4-runner-context-20260929-a/README.md
A	docs/验收证据/r3-gate4-runner-context-20260929-a/actionlint-after.txt
A	docs/验收证据/r3-gate4-runner-context-20260929-a/actionlint-before.txt
A	docs/验收证据/r3-gate4-runner-context-20260929-a/bash-init.json
A	docs/验收证据/r3-gate4-runner-context-20260929-a/checks.json
A	docs/验收证据/r3-gate4-runner-context-20260929-a/diff-check.txt
A	docs/验收证据/r3-gate4-runner-context-20260929-a/eslint.txt
A	docs/验收证据/r3-gate4-runner-context-20260929-a/initializers.json
A	docs/验收证据/r3-gate4-runner-context-20260929-a/inputs.json
A	docs/验收证据/r3-gate4-runner-context-20260929-a/preservation.json
A	docs/验收证据/r3-gate4-runner-context-20260929-a/tests-after.json
A	docs/验收证据/r3-gate4-runner-context-20260929-a/tests-before.json
A	docs/验收证据/r3-gate4-runner-context-20260929-a/tests-initial.json
A	docs/验收证据/r3-gate4-runner-context-20260929-a/tool.json
A	docs/验收证据/r3-gate4-runner-context-20260929-a/verify-initializers.py
A	docs/验收证据/r3-gate4-runner-context-20260929-a/workflow-delta.txt
A	docs/验收证据/r3-gate4-v-061-36567105695/README.md
A	docs/验收证据/r3-gate4-v-061-36567105695/archive-review.json
A	docs/验收证据/r3-gate4-v-061-36567105695/artifacts.json
A	docs/验收证据/r3-gate4-v-061-36567105695/candidate.json
A	docs/验收证据/r3-gate4-v-061-36567105695/checkout-commit.json
A	docs/验收证据/r3-gate4-v-061-36567105695/ci-log.txt
A	docs/验收证据/r3-gate4-v-061-36567105695/closeout-checks.json
A	docs/验收证据/r3-gate4-v-061-36567105695/files.sha256.json
A	docs/验收证据/r3-gate4-v-061-36567105695/git-tree.txt
A	docs/验收证据/r3-gate4-v-061-36567105695/jobs-initial.json
A	docs/验收证据/r3-gate4-v-061-36567105695/jobs.json
A	docs/验收证据/r3-gate4-v-061-36567105695/log-excerpts.json
A	docs/验收证据/r3-gate4-v-061-36567105695/log-integrity.json
A	docs/验收证据/r3-gate4-v-061-36567105695/push.json
A	docs/验收证据/r3-gate4-v-061-36567105695/release-jobs.json
A	docs/验收证据/r3-gate4-v-061-36567105695/release-run.json
A	docs/验收证据/r3-gate4-v-061-36567105695/release-workflow-error.json
A	docs/验收证据/r3-gate4-v-061-36567105695/remote-after.json
A	docs/验收证据/r3-gate4-v-061-36567105695/remote-before.json
A	docs/验收证据/r3-gate4-v-061-36567105695/remote-final.json
A	docs/验收证据/r3-gate4-v-061-36567105695/run-initial.json
A	docs/验收证据/r3-gate4-v-061-36567105695/run.json
A	docs/验收证据/r3-gate4-v-061-36567105695/runs-discovery.json
A	docs/验收证据/r3-gate4-v-061-36567105695/summary.json
A	docs/验收证据/r3-gate4-v2-061-36574616627/README.md
A	docs/验收证据/r3-gate4-v2-061-36574616627/archive-review.json
A	docs/验收证据/r3-gate4-v2-061-36574616627/artifacts.json
A	docs/验收证据/r3-gate4-v2-061-36574616627/attributes-applied.json
A	docs/验收证据/r3-gate4-v2-061-36574616627/candidate.json
A	docs/验收证据/r3-gate4-v2-061-36574616627/checkout-commit.json
A	docs/验收证据/r3-gate4-v2-061-36574616627/ci-log.txt
A	docs/验收证据/r3-gate4-v2-061-36574616627/closeout-checks.json
A	docs/验收证据/r3-gate4-v2-061-36574616627/failure-analysis.json
A	docs/验收证据/r3-gate4-v2-061-36574616627/files.sha256.json
A	docs/验收证据/r3-gate4-v2-061-36574616627/final-jobs.json
A	docs/验收证据/r3-gate4-v2-061-36574616627/final-run.json
A	docs/验收证据/r3-gate4-v2-061-36574616627/final-runs.json
A	docs/验收证据/r3-gate4-v2-061-36574616627/git-tree.txt
A	docs/验收证据/r3-gate4-v2-061-36574616627/initial-jobs.json
A	docs/验收证据/r3-gate4-v2-061-36574616627/initial-run.json
A	docs/验收证据/r3-gate4-v2-061-36574616627/initial-runs.json
A	docs/验收证据/r3-gate4-v2-061-36574616627/jobs.json
A	docs/验收证据/r3-gate4-v2-061-36574616627/local-before.json
A	docs/验收证据/r3-gate4-v2-061-36574616627/log-excerpts.json
A	docs/验收证据/r3-gate4-v2-061-36574616627/log-integrity.json
A	docs/验收证据/r3-gate4-v2-061-36574616627/poll-01-jobs.json
A	docs/验收证据/r3-gate4-v2-061-36574616627/poll-01-run.json
A	docs/验收证据/r3-gate4-v2-061-36574616627/poll-01-runs.json
A	docs/验收证据/r3-gate4-v2-061-36574616627/poll-02-jobs.json
A	docs/验收证据/r3-gate4-v2-061-36574616627/poll-02-run.json
A	docs/验收证据/r3-gate4-v2-061-36574616627/poll-02-runs.json
A	docs/验收证据/r3-gate4-v2-061-36574616627/preservation-before.json
A	docs/验收证据/r3-gate4-v2-061-36574616627/push.json
A	docs/验收证据/r3-gate4-v2-061-36574616627/remote-after.json
A	docs/验收证据/r3-gate4-v2-061-36574616627/remote-before.json
A	docs/验收证据/r3-gate4-v2-061-36574616627/remote-final.json
A	docs/验收证据/r3-gate4-v2-061-36574616627/remote-prepush.json
A	docs/验收证据/r3-gate4-v2-061-36574616627/run.json
A	docs/验收证据/r3-gate4-v2-061-36574616627/staged-inputs.json
A	docs/验收证据/r3-gate4-v2-061-36574616627/summary.json
A	docs/验收证据/r3-gate4-v2-preparation-20260929-a/README.md
A	docs/验收证据/r3-gate4-v2-preparation-20260929-a/inputs.json
A	docs/验收证据/r3-gate4-v2-preparation-20260929-a/preserve-evidence.patch
A	docs/验收证据/r3-gate4-v3-061-36580449536/README.md
A	docs/验收证据/r3-gate4-v3-061-36580449536/archive-review.json
A	docs/验收证据/r3-gate4-v3-061-36580449536/artifacts.json
A	docs/验收证据/r3-gate4-v3-061-36580449536/candidate.json
A	docs/验收证据/r3-gate4-v3-061-36580449536/checkout-commit.json
A	docs/验收证据/r3-gate4-v3-061-36580449536/ci-log.txt
A	docs/验收证据/r3-gate4-v3-061-36580449536/closeout-checks.json
A	docs/验收证据/r3-gate4-v3-061-36580449536/files.sha256.json
A	docs/验收证据/r3-gate4-v3-061-36580449536/final-jobs.json
A	docs/验收证据/r3-gate4-v3-061-36580449536/final-pr.json
A	docs/验收证据/r3-gate4-v3-061-36580449536/final-run.json
A	docs/验收证据/r3-gate4-v3-061-36580449536/final-runs.json
A	docs/验收证据/r3-gate4-v3-061-36580449536/git-tree.txt
A	docs/验收证据/r3-gate4-v3-061-36580449536/local-before.json
A	docs/验收证据/r3-gate4-v3-061-36580449536/log-excerpts.json
A	docs/验收证据/r3-gate4-v3-061-36580449536/log-integrity.json
A	docs/验收证据/r3-gate4-v3-061-36580449536/poll-01-jobs.json
A	docs/验收证据/r3-gate4-v3-061-36580449536/poll-01-pr.json
A	docs/验收证据/r3-gate4-v3-061-36580449536/poll-01-runs.json
A	docs/验收证据/r3-gate4-v3-061-36580449536/poll-02-jobs.json
A	docs/验收证据/r3-gate4-v3-061-36580449536/poll-02-pr.json
A	docs/验收证据/r3-gate4-v3-061-36580449536/poll-02-runs.json
A	docs/验收证据/r3-gate4-v3-061-36580449536/poll-03-jobs.json
A	docs/验收证据/r3-gate4-v3-061-36580449536/poll-03-pr.json
A	docs/验收证据/r3-gate4-v3-061-36580449536/poll-03-runs.json
A	docs/验收证据/r3-gate4-v3-061-36580449536/preservation-before.json
A	docs/验收证据/r3-gate4-v3-061-36580449536/push.json
A	docs/验收证据/r3-gate4-v3-061-36580449536/remote-after.json
A	docs/验收证据/r3-gate4-v3-061-36580449536/remote-before.json
A	docs/验收证据/r3-gate4-v3-061-36580449536/remote-final.json
A	docs/验收证据/r3-gate4-v3-061-36580449536/remote-prepush.json
A	docs/验收证据/r3-gate4-v3-061-36580449536/run.json
A	docs/验收证据/r3-gate4-v3-061-36580449536/staged-inputs.json
A	docs/验收证据/r3-gate4-v3-061-36580449536/summary.json
A	docs/验收证据/r3-gate4-v3-061-36580449536/test-results.json
A	docs/验收证据/r3-gate4-v3-preparation-20260929-a/README.md
A	docs/验收证据/r3-gate4-v3-preparation-20260929-a/inputs.json
A	docs/验收证据/release-gates-061-20260929-a/.gitattributes
A	docs/验收证据/release-gates-061-20260929-a/.gitignore
A	docs/验收证据/release-gates-061-20260929-a/README.md
A	docs/验收证据/release-gates-061-20260929-a/artifact-check-before-eol.json
A	docs/验收证据/release-gates-061-20260929-a/artifact-check-initial.json
A	docs/验收证据/release-gates-061-20260929-a/artifact-check.json
A	docs/验收证据/release-gates-061-20260929-a/candidate-identity.json
A	docs/验收证据/release-gates-061-20260929-a/candidate-inputs.json
A	docs/验收证据/release-gates-061-20260929-a/commands/build.json
A	docs/验收证据/release-gates-061-20260929-a/commands/build.stderr.log
A	docs/验收证据/release-gates-061-20260929-a/commands/build.stdout.log
A	docs/验收证据/release-gates-061-20260929-a/commands/design-final.json
A	docs/验收证据/release-gates-061-20260929-a/commands/design-final.stderr.log
A	docs/验收证据/release-gates-061-20260929-a/commands/design-final.stdout.log
A	docs/验收证据/release-gates-061-20260929-a/commands/design.json
A	docs/验收证据/release-gates-061-20260929-a/commands/design.stderr.log
A	docs/验收证据/release-gates-061-20260929-a/commands/design.stdout.log
A	docs/验收证据/release-gates-061-20260929-a/commands/diagnose-before.json
A	docs/验收证据/release-gates-061-20260929-a/commands/diagnose-before.stderr.log
A	docs/验收证据/release-gates-061-20260929-a/commands/diagnose-before.stdout.log
A	docs/验收证据/release-gates-061-20260929-a/commands/lint-final.json
A	docs/验收证据/release-gates-061-20260929-a/commands/lint-final.stderr.log
A	docs/验收证据/release-gates-061-20260929-a/commands/lint-final.stdout.log
A	docs/验收证据/release-gates-061-20260929-a/commands/lint.json
A	docs/验收证据/release-gates-061-20260929-a/commands/lint.stderr.log
A	docs/验收证据/release-gates-061-20260929-a/commands/lint.stdout.log
A	docs/验收证据/release-gates-061-20260929-a/commands/regression-after.json
A	docs/验收证据/release-gates-061-20260929-a/commands/regression-after.stderr.log
A	docs/验收证据/release-gates-061-20260929-a/commands/regression-after.stdout.log
A	docs/验收证据/release-gates-061-20260929-a/commands/target-lint.json
A	docs/验收证据/release-gates-061-20260929-a/commands/target-lint.stderr.log
A	docs/验收证据/release-gates-061-20260929-a/commands/target-lint.stdout.log
A	docs/验收证据/release-gates-061-20260929-a/commands/target-test.json
A	docs/验收证据/release-gates-061-20260929-a/commands/target-test.stderr.log
A	docs/验收证据/release-gates-061-20260929-a/commands/target-test.stdout.log
A	docs/验收证据/release-gates-061-20260929-a/commands/test-final.json
A	docs/验收证据/release-gates-061-20260929-a/commands/test-final.stderr.log
A	docs/验收证据/release-gates-061-20260929-a/commands/test-final.stdout.log
A	docs/验收证据/release-gates-061-20260929-a/commands/test.json
A	docs/验收证据/release-gates-061-20260929-a/commands/test.stderr.log
A	docs/验收证据/release-gates-061-20260929-a/commands/test.stdout.log
A	docs/验收证据/release-gates-061-20260929-a/commands/version-final.json
A	docs/验收证据/release-gates-061-20260929-a/commands/version-final.stderr.log
A	docs/验收证据/release-gates-061-20260929-a/commands/version-final.stdout.log
A	docs/验收证据/release-gates-061-20260929-a/commands/version-rc-final.json
A	docs/验收证据/release-gates-061-20260929-a/commands/version-rc-final.stderr.log
A	docs/验收证据/release-gates-061-20260929-a/commands/version-rc-final.stdout.log
A	docs/验收证据/release-gates-061-20260929-a/commands/version-rc.json
A	docs/验收证据/release-gates-061-20260929-a/commands/version-rc.stderr.log
A	docs/验收证据/release-gates-061-20260929-a/commands/version-rc.stdout.log
A	docs/验收证据/release-gates-061-20260929-a/commands/version.json
A	docs/验收证据/release-gates-061-20260929-a/commands/version.stderr.log
A	docs/验收证据/release-gates-061-20260929-a/commands/version.stdout.log
A	docs/验收证据/release-gates-061-20260929-a/copy.json
A	docs/验收证据/release-gates-061-20260929-a/diagnose-before-results.json
A	docs/验收证据/release-gates-061-20260929-a/existing-changes.patch
A	docs/验收证据/release-gates-061-20260929-a/final-source.patch
A	docs/验收证据/release-gates-061-20260929-a/gate-inputs.json
A	docs/验收证据/release-gates-061-20260929-a/initial-candidate-identity.json
A	docs/验收证据/release-gates-061-20260929-a/initial-candidate-inputs.json
A	docs/验收证据/release-gates-061-20260929-a/initial-gate-inputs.json
A	docs/验收证据/release-gates-061-20260929-a/input-check.json
A	docs/验收证据/release-gates-061-20260929-a/installed-versions.json
A	docs/验收证据/release-gates-061-20260929-a/next-env.generated.txt
A	docs/验收证据/release-gates-061-20260929-a/production-after.txt
A	docs/验收证据/release-gates-061-20260929-a/production-before.txt
A	docs/验收证据/release-gates-061-20260929-a/protection-check.json
A	docs/验收证据/release-gates-061-20260929-a/protection-raw-order.json
A	docs/验收证据/release-gates-061-20260929-a/regression-after-results.json
A	docs/验收证据/release-gates-061-20260929-a/source-commit-before-eol.json
A	docs/验收证据/release-gates-061-20260929-a/source-commit.json
A	docs/验收证据/release-gates-061-20260929-a/summary.json
A	docs/验收证据/release-gates-061-20260929-a/test-final-results.json
A	docs/验收证据/release-gates-061-20260929-a/test-results.json
A	docs/验收证据/release-gates-061-20260929-a/tools/check_artifacts.py
A	docs/验收证据/release-gates-061-20260929-a/tools/gates.py
A	docs/验收证据/release-gates-061-20260929-a/workspace-before.json
A	docs/验收证据/tiptap-browser-061-20260928-a/.gitattributes
A	docs/验收证据/tiptap-browser-061-20260928-a/README.md
A	docs/验收证据/tiptap-browser-061-20260928-a/app.log.txt
A	docs/验收证据/tiptap-browser-061-20260928-a/browser-m0.json
A	docs/验收证据/tiptap-browser-061-20260928-a/browser/m0-01-center.png
A	docs/验收证据/tiptap-browser-061-20260928-a/browser/m0-02-width.png
A	docs/验收证据/tiptap-browser-061-20260928-a/browser/m0-03-right.png
A	docs/验收证据/tiptap-browser-061-20260928-a/browser/m0-04-plain.png
A	docs/验收证据/tiptap-browser-061-20260928-a/browser/m0-05-table.png
A	docs/验收证据/tiptap-browser-061-20260928-a/browser/m0-failure.png
A	docs/验收证据/tiptap-browser-061-20260928-a/evidence/seed-m0.json
A	docs/验收证据/tiptap-browser-061-20260928-a/image.json
A	docs/验收证据/tiptap-browser-061-20260928-a/resources-after.txt
A	docs/验收证据/tiptap-browser-061-20260928-a/resources-before.txt
A	docs/验收证据/tiptap-browser-061-20260928-a/stages.jsonl
A	docs/验收证据/tiptap-browser-061-20260928-a/tools/browser-check.cjs
A	docs/验收证据/tiptap-browser-061-20260928-a/tools/compose.yml
A	docs/验收证据/tiptap-browser-061-20260928-a/tools/fixture.cjs
A	docs/验收证据/tiptap-browser-061-20260928-a/tools/fixtures/README.md
A	docs/验收证据/tiptap-browser-061-20260928-a/tools/fixtures/decode.json
A	docs/验收证据/tiptap-browser-061-20260928-a/tools/fixtures/generate.py
A	docs/验收证据/tiptap-browser-061-20260928-a/tools/fixtures/pattern-preview.jpg
A	docs/验收证据/tiptap-browser-061-20260928-a/tools/fixtures/pattern.heic
A	docs/验收证据/tiptap-browser-061-20260928-a/tools/fixtures/pattern.png
A	docs/验收证据/tiptap-browser-061-20260928-a/tools/run.ps1
A	docs/验收证据/tiptap-browser-061-20260928-a/transcript.txt
A	docs/验收证据/tiptap-browser-061-20260928-b/.gitattributes
A	docs/验收证据/tiptap-browser-061-20260928-b/README.md
A	docs/验收证据/tiptap-browser-061-20260928-b/app.log.txt
A	docs/验收证据/tiptap-browser-061-20260928-b/browser-m0.json
A	docs/验收证据/tiptap-browser-061-20260928-b/browser-m1.json
A	docs/验收证据/tiptap-browser-061-20260928-b/browser/m0-01-center.png
A	docs/验收证据/tiptap-browser-061-20260928-b/browser/m0-02-width.png
A	docs/验收证据/tiptap-browser-061-20260928-b/browser/m0-03-right.png
A	docs/验收证据/tiptap-browser-061-20260928-b/browser/m0-04-plain.png
A	docs/验收证据/tiptap-browser-061-20260928-b/browser/m0-05-table.png
A	docs/验收证据/tiptap-browser-061-20260928-b/browser/m0-06-danger.png
A	docs/验收证据/tiptap-browser-061-20260928-b/browser/m1-01-center.png
A	docs/验收证据/tiptap-browser-061-20260928-b/browser/m1-02-width.png
A	docs/验收证据/tiptap-browser-061-20260928-b/browser/m1-03-right.png
A	docs/验收证据/tiptap-browser-061-20260928-b/browser/m1-04-plain.png
A	docs/验收证据/tiptap-browser-061-20260928-b/browser/m1-05-table.png
A	docs/验收证据/tiptap-browser-061-20260928-b/browser/m1-06-danger.png
A	docs/验收证据/tiptap-browser-061-20260928-b/closeout-check.json
A	docs/验收证据/tiptap-browser-061-20260928-b/closeout-review.md
A	docs/验收证据/tiptap-browser-061-20260928-b/evidence/db-content-m0.json
A	docs/验收证据/tiptap-browser-061-20260928-b/evidence/db-content-m1.json
A	docs/验收证据/tiptap-browser-061-20260928-b/evidence/seed-m0.json
A	docs/验收证据/tiptap-browser-061-20260928-b/evidence/seed-m1.json
A	docs/验收证据/tiptap-browser-061-20260928-b/image.json
A	docs/验收证据/tiptap-browser-061-20260928-b/resources-after.txt
A	docs/验收证据/tiptap-browser-061-20260928-b/resources-before.txt
A	docs/验收证据/tiptap-browser-061-20260928-b/stages.jsonl
A	docs/验收证据/tiptap-browser-061-20260928-b/tools/browser-check.cjs
A	docs/验收证据/tiptap-browser-061-20260928-b/tools/compose.yml
A	docs/验收证据/tiptap-browser-061-20260928-b/tools/fixture.cjs
A	docs/验收证据/tiptap-browser-061-20260928-b/tools/fixtures/README.md
A	docs/验收证据/tiptap-browser-061-20260928-b/tools/fixtures/decode.json
A	docs/验收证据/tiptap-browser-061-20260928-b/tools/fixtures/generate.py
A	docs/验收证据/tiptap-browser-061-20260928-b/tools/fixtures/pattern-preview.jpg
A	docs/验收证据/tiptap-browser-061-20260928-b/tools/fixtures/pattern.heic
A	docs/验收证据/tiptap-browser-061-20260928-b/tools/fixtures/pattern.png
A	docs/验收证据/tiptap-browser-061-20260928-b/tools/run.ps1
A	docs/验收证据/tiptap-browser-061-20260928-b/transcript.txt
A	docs/验收证据/tiptap-browser-061-20260928-c/.gitattributes
A	docs/验收证据/tiptap-browser-061-20260928-c/README.md
A	docs/验收证据/tiptap-browser-061-20260928-c/app.log.txt
A	docs/验收证据/tiptap-browser-061-20260928-c/browser-m0.json
A	docs/验收证据/tiptap-browser-061-20260928-c/browser-m1.json
A	docs/验收证据/tiptap-browser-061-20260928-c/browser/m0-01-center.png
A	docs/验收证据/tiptap-browser-061-20260928-c/browser/m0-02-width.png
A	docs/验收证据/tiptap-browser-061-20260928-c/browser/m0-03-right.png
A	docs/验收证据/tiptap-browser-061-20260928-c/browser/m0-04-plain.png
A	docs/验收证据/tiptap-browser-061-20260928-c/browser/m0-05-table.png
A	docs/验收证据/tiptap-browser-061-20260928-c/browser/m0-06-danger.png
A	docs/验收证据/tiptap-browser-061-20260928-c/browser/m1-01-center.png
A	docs/验收证据/tiptap-browser-061-20260928-c/browser/m1-02-width.png
A	docs/验收证据/tiptap-browser-061-20260928-c/browser/m1-03-right.png
A	docs/验收证据/tiptap-browser-061-20260928-c/browser/m1-04-plain.png
A	docs/验收证据/tiptap-browser-061-20260928-c/browser/m1-05-table.png
A	docs/验收证据/tiptap-browser-061-20260928-c/browser/m1-06-danger.png
A	docs/验收证据/tiptap-browser-061-20260928-c/closeout-check.json
A	docs/验收证据/tiptap-browser-061-20260928-c/closeout-review.md
A	docs/验收证据/tiptap-browser-061-20260928-c/evidence/db-content-m0.json
A	docs/验收证据/tiptap-browser-061-20260928-c/evidence/db-content-m1.json
A	docs/验收证据/tiptap-browser-061-20260928-c/evidence/seed-m0.json
A	docs/验收证据/tiptap-browser-061-20260928-c/evidence/seed-m1.json
A	docs/验收证据/tiptap-browser-061-20260928-c/image.json
A	docs/验收证据/tiptap-browser-061-20260928-c/preparation-check.json
A	docs/验收证据/tiptap-browser-061-20260928-c/requests-m0.jsonl
A	docs/验收证据/tiptap-browser-061-20260928-c/requests-m1.jsonl
A	docs/验收证据/tiptap-browser-061-20260928-c/resources-after.txt
A	docs/验收证据/tiptap-browser-061-20260928-c/resources-before.txt
A	docs/验收证据/tiptap-browser-061-20260928-c/stages.jsonl
A	docs/验收证据/tiptap-browser-061-20260928-c/tools/browser-check.cjs
A	docs/验收证据/tiptap-browser-061-20260928-c/tools/compose.yml
A	docs/验收证据/tiptap-browser-061-20260928-c/tools/fixture.cjs
A	docs/验收证据/tiptap-browser-061-20260928-c/tools/fixtures/pattern.png
A	docs/验收证据/tiptap-browser-061-20260928-c/tools/request-recorder.cjs
A	docs/验收证据/tiptap-browser-061-20260928-c/tools/run.ps1
A	docs/验收证据/tiptap-browser-061-20260928-c/transcript.txt
A	docs/验收证据/upgrade-060-061-20260927-a/.gitattributes
A	docs/验收证据/upgrade-060-061-20260927-a/README.md
A	docs/验收证据/upgrade-060-061-20260927-a/images.json
A	docs/验收证据/upgrade-060-061-20260927-a/old-060-app.log.txt
A	docs/验收证据/upgrade-060-061-20260927-a/old-060-state.json
A	docs/验收证据/upgrade-060-061-20260927-a/old-061-app.log.txt
A	docs/验收证据/upgrade-060-061-20260927-a/old-061-final-state.json
A	docs/验收证据/upgrade-060-061-20260927-a/old-061-state.json
A	docs/验收证据/upgrade-060-061-20260927-a/old/backup.json
A	docs/验收证据/upgrade-060-061-20260927-a/old/persist.json
A	docs/验收证据/upgrade-060-061-20260927-a/old/seed.json
A	docs/验收证据/upgrade-060-061-20260927-a/old/upgrade-readback.json
A	docs/验收证据/upgrade-060-061-20260927-a/resources-after.txt
A	docs/验收证据/upgrade-060-061-20260927-a/resources-before.txt
A	docs/验收证据/upgrade-060-061-20260927-a/rollback-after-start.json
A	docs/验收证据/upgrade-060-061-20260927-a/rollback-app.log.txt
A	docs/验收证据/upgrade-060-061-20260927-a/rollback-before-start.json
A	docs/验收证据/upgrade-060-061-20260927-a/rollback/persist.json
A	docs/验收证据/upgrade-060-061-20260927-a/rollback/rollback-readback.json
A	docs/验收证据/upgrade-060-061-20260927-a/rollback/seed.json
A	docs/验收证据/upgrade-060-061-20260927-a/snapshot-after.json
A	docs/验收证据/upgrade-060-061-20260927-a/snapshot-before.json
A	docs/验收证据/upgrade-060-061-20260927-a/snapshot/app.db
A	docs/验收证据/upgrade-060-061-20260927-a/snapshot/uploads/5a32a155-67f8-4c81-88fc-e92a55f6e7fe.heic
A	docs/验收证据/upgrade-060-061-20260927-a/snapshot/uploads/5a32a155-67f8-4c81-88fc-e92a55f6e7fe.jpg
A	docs/验收证据/upgrade-060-061-20260927-a/snapshot/uploads/ru6bbnkpmezy6pgwo33cja25.png
A	docs/验收证据/upgrade-060-061-20260927-a/stages.jsonl
A	docs/验收证据/upgrade-060-061-20260927-a/tools/compare.py
A	docs/验收证据/upgrade-060-061-20260927-a/tools/compose.yml
A	docs/验收证据/upgrade-060-061-20260927-a/tools/fixture.cjs
A	docs/验收证据/upgrade-060-061-20260927-a/tools/fixtures/README.md
A	docs/验收证据/upgrade-060-061-20260927-a/tools/fixtures/decode.json
A	docs/验收证据/upgrade-060-061-20260927-a/tools/fixtures/generate.py
A	docs/验收证据/upgrade-060-061-20260927-a/tools/fixtures/pattern-preview.jpg
A	docs/验收证据/upgrade-060-061-20260927-a/tools/fixtures/pattern.heic
A	docs/验收证据/upgrade-060-061-20260927-a/tools/fixtures/pattern.png
A	docs/验收证据/upgrade-060-061-20260927-a/tools/inspect.cjs
A	docs/验收证据/upgrade-060-061-20260927-a/tools/run.ps1
A	docs/验收证据/upgrade-060-061-20260927-a/transcript.txt
M	eslint.config.mjs
M	package-lock.json
A	scripts/verify-r1-core-loop.mjs
A	scripts/verify-release-gate4.mjs
M	src/app/api/chat/confirm/route.ts
M	src/app/api/chat/route.ts
M	src/app/api/images/[filename]/route.ts
M	src/components/chat/chat-state.ts
M	src/lib/ai/chat-context.ts
M	src/lib/ai/chat-stream.ts
A	src/lib/ai/source-refusal.ts
A	tests/api/images.test.ts
A	tests/components/client-note-pages.test.tsx
M	tests/components/settings-page-demo.test.tsx
M	tests/config/demo-http-probes.test.ts
M	tests/config/demo-verification-utils.test.ts
A	tests/config/r1-core-loop-script.test.ts
A	tests/config/release-gate4.test.ts
M	tests/config/release-version.test.ts
M	tests/config/smoke-fresh-install.test.ts
A	tests/fixtures/images/README.md
A	tests/fixtures/images/pattern.heic
A	tests/fixtures/images/pattern.png
M	tests/lib/chat-routes.test.ts
M	tests/lib/chat-state.test.ts
M	tests/lib/chat-stream.test.ts
A	tests/lib/source-refusal.test.ts
