41cf296d1d1ccc38d1b2f1b3335cc5b8ac4a4b81 b2bae00d4a0e91ef43a0cb41f70f75ebc38ec592 chore: 收口 0.6.1 RC 材料并固定双架构验收顺序
b2bae00d4a0e91ef43a0cb41f70f75ebc38ec592 82b1e5a1b98d4b687d8604a84c47c8ec416bf818 fix: 调整安装预览测试预算并归档候选 CI 失败
82b1e5a1b98d4b687d8604a84c47c8ec416bf818 321f770b523773e3f93a56dcf4fd2b1f78213ca5 fix: 修复 Release 上下文并归档门禁 4 验证
321f770b523773e3f93a56dcf4fd2b1f78213ca5 549f45200081f9c50b3d658e4c8d1a7c695bde04 chore: 准备 R3 门禁 4 分发验收与候选 CI
549f45200081f9c50b3d658e4c8d1a7c695bde04 75eeb32b1943c7e54c32e20b416bc7fb8a61f178 docs: 归档 0.6.1 门禁 3 证据并同步发布材料
75eeb32b1943c7e54c32e20b416bc7fb8a61f178 6e79059ff825bb2f0ae5c76d6cb818e6da497d04 test: 收口 0.6.1 候选门禁与测试观测
6e79059ff825bb2f0ae5c76d6cb818e6da497d04 8b9850cc2a7cb9ab0c7071547c8142a6d256147d docs: 让候选定稿的提交基线表述不随文档提交漂移
8b9850cc2a7cb9ab0c7071547c8142a6d256147d 7d40ee83508e6b418e450f041e312c20c2c71772 docs: 定稿 0.6.1 候选身份与发布材料
7d40ee83508e6b418e450f041e312c20c2c71772 26bd61c8237381472c9a7058da846314ece54b1a docs: 归档 TipTap run c 证据并同步 R3 发布材料
26bd61c8237381472c9a7058da846314ece54b1a fbf2497ab01e949a8bab890b1516505cea42b688 chore: 准备 TipTap run c 工具与静态检查
fbf2497ab01e949a8bab890b1516505cea42b688 538c62f7c6df39be87d2b8032c7dda4dc65b2c1b docs: 同步 TipTap run b 证据与 R3 剩余发布门禁
538c62f7c6df39be87d2b8032c7dda4dc65b2c1b 40ac9d7b4ccb8e824e9dccabb19849c8c249cbb2 test: 记录 TipTap 浏览器验收 run a 被脚本状态码预期阻断
40ac9d7b4ccb8e824e9dccabb19849c8c249cbb2 ca2d6bd778521c2e71741da10353efbeaadf5d80 test: 0.6.0→0.6.1 隔离升级与回退彩排通过
ca2d6bd778521c2e71741da10353efbeaadf5d80 33b5203e238275093290834b5b4231a528bdde22 test: R2 浏览器补验通过并判定本机同版本范围通过
33b5203e238275093290834b5b4231a528bdde22 b7d50f9a56d68dfcd68c77dc98cf7dd6075c55ac test: 记录 R2 浏览器补验被脚本守卫阻断
b7d50f9a56d68dfcd68c77dc98cf7dd6075c55ac fa815759ab3c49bbff0e889c8299def70e670c49 test: 记录 R2 数据恢复通过及浏览器脚本阻断
fa815759ab3c49bbff0e889c8299def70e670c49 51f0a54b9878b0f1c1df548f976a2ec7bb17f19b fix: 兼容 HEIC 展示图 UUID 并更新 R2 候选
51f0a54b9878b0f1c1df548f976a2ec7bb17f19b 6577710f2b42dc342316122cc951918e27b1cefa test: 记录 R2 实测与 HEIC 展示图读取阻断
6577710f2b42dc342316122cc951918e27b1cefa dd59aee09034d740960894899aa89eb15c80f9fb fix: 将 R2 候选依赖下载地址迁移至官方源
dd59aee09034d740960894899aa89eb15c80f9fb 231959ca5d65bf9322d8b0f6a11a0d40e72cfdb8 docs：R2 构建日志去掉空行噪声并写明失败重试
231959ca5d65bf9322d8b0f6a11a0d40e72cfdb8 1c9da78afccfc2c2f7667041b21e1eefa493710c docs：R2 操作单按 UTF-8 捕获容器输出
1c9da78afccfc2c2f7667041b21e1eefa493710c 7073ff8d334d5bd879969f1e6c21cb5c930bf173 docs：记录候选提交与输入清单的逐文件对照
7073ff8d334d5bd879969f1e6c21cb5c930bf173 cf9fe7ae06209bc8bc5c01b9129036386dd8a6a2 docs：收口 0.6.1 候选并准备 R2 出口与恢复验收
cf9fe7ae06209bc8bc5c01b9129036386dd8a6a2 16e2c4a5ae2dd7bf3da696312a8000614d4c9f7b test：加入 R1 核心闭环验收脚本与运行证据
16e2c4a5ae2dd7bf3da696312a8000614d4c9f7b 52d8221ad18e5e5ce3dbba863b226032743bd554 fix：来源问答在最终回答收口固定拒答句
52d8221ad18e5e5ce3dbba863b226032743bd554 9ccf5a08c795761929dddffe8bc696a2b121d8c2 test：补三页向量字段边界回归与 B1 审查结论
9ccf5a08c795761929dddffe8bc696a2b121d8c2 a77d3c400023997bba6f8f7df238d4967c864709 chore：忽略 R1 与公开语料隔离目录
a77d3c400023997bba6f8f7df238d4967c864709 6ee67532deed37fda6cc98962e8df76c98659890 docs：归档自定义 Agent PRD 定稿与规划资料
