 Container zhiliao-r1-061-20260915-093206-7a7ba6b4-ingress-1  Stopping
 Container zhiliao-r1-061-20260915-093206-7a7ba6b4-ingress-1  Stopped
 Container zhiliao-r1-061-20260915-093206-7a7ba6b4-ingress-1  Removing
 Container zhiliao-r1-061-20260915-093206-7a7ba6b4-ingress-1  Removed
 Container zhiliao-r1-061-20260915-093206-7a7ba6b4-app-1  Stopping
 Container zhiliao-r1-061-20260915-093206-7a7ba6b4-app-1  Stopped
 Container zhiliao-r1-061-20260915-093206-7a7ba6b4-app-1  Removing
 Container zhiliao-r1-061-20260915-093206-7a7ba6b4-app-1  Removed
 Container zhiliao-r1-061-20260915-093206-7a7ba6b4-mockllm-1  Stopping
 Container zhiliao-r1-061-20260915-093206-7a7ba6b4-mockllm-1  Stopped
 Container zhiliao-r1-061-20260915-093206-7a7ba6b4-mockllm-1  Removing
 Container zhiliao-r1-061-20260915-093206-7a7ba6b4-mockllm-1  Removed
 Network zhiliao-r1-061-20260915-093206-7a7ba6b4-ingress  Removing
 Volume zhiliao-r1-061-20260915-093206-7a7ba6b4_install_db  Removing
 Volume zhiliao-r1-061-20260915-093206-7a7ba6b4_install_uploads  Removing
 Network zhiliao-r1-061-20260915-093206-7a7ba6b4-net  Removing
 Volume zhiliao-r1-061-20260915-093206-7a7ba6b4_install_db  Removed
 Volume zhiliao-r1-061-20260915-093206-7a7ba6b4_install_uploads  Removed
 Network zhiliao-r1-061-20260915-093206-7a7ba6b4-ingress  Removed
 Network zhiliao-r1-061-20260915-093206-7a7ba6b4-net  Removed
