 Network zhiliao-r1-061-20260915-093206-7a7ba6b4-net  Creating
 Network zhiliao-r1-061-20260915-093206-7a7ba6b4-net  Created
 Network zhiliao-r1-061-20260915-093206-7a7ba6b4-ingress  Creating
 Network zhiliao-r1-061-20260915-093206-7a7ba6b4-ingress  Created
 Container zhiliao-r1-061-20260915-093206-7a7ba6b4-mockllm-1  Creating
 Container zhiliao-r1-061-20260915-093206-7a7ba6b4-mockllm-1  Created
 Container zhiliao-r1-061-20260915-093206-7a7ba6b4-app-1  Creating
 Container zhiliao-r1-061-20260915-093206-7a7ba6b4-app-1  Created
 Container zhiliao-r1-061-20260915-093206-7a7ba6b4-ingress-1  Creating
 Container zhiliao-r1-061-20260915-093206-7a7ba6b4-ingress-1  Created
 Container zhiliao-r1-061-20260915-093206-7a7ba6b4-mockllm-1  Starting
 Container zhiliao-r1-061-20260915-093206-7a7ba6b4-mockllm-1  Started
 Container zhiliao-r1-061-20260915-093206-7a7ba6b4-mockllm-1  Waiting
 Container zhiliao-r1-061-20260915-093206-7a7ba6b4-mockllm-1  Healthy
 Container zhiliao-r1-061-20260915-093206-7a7ba6b4-app-1  Starting
 Container zhiliao-r1-061-20260915-093206-7a7ba6b4-app-1  Started
 Container zhiliao-r1-061-20260915-093206-7a7ba6b4-app-1  Waiting
 Container zhiliao-r1-061-20260915-093206-7a7ba6b4-app-1  Healthy
 Container zhiliao-r1-061-20260915-093206-7a7ba6b4-ingress-1  Starting
 Container zhiliao-r1-061-20260915-093206-7a7ba6b4-ingress-1  Started
 Container zhiliao-r1-061-20260915-093206-7a7ba6b4-app-1  Waiting
 Container zhiliao-r1-061-20260915-093206-7a7ba6b4-mockllm-1  Waiting
 Container zhiliao-r1-061-20260915-093206-7a7ba6b4-ingress-1  Waiting
 Container zhiliao-r1-061-20260915-093206-7a7ba6b4-mockllm-1  Healthy
 Container zhiliao-r1-061-20260915-093206-7a7ba6b4-app-1  Healthy
 Container zhiliao-r1-061-20260915-093206-7a7ba6b4-ingress-1  Healthy
