{
  "auditReportVersion": 2,
  "vulnerabilities": {
    "@tiptap/core": {
      "name": "@tiptap/core",
      "severity": "moderate",
      "isDirect": false,
      "via": [
        {
          "source": 1158508,
          "name": "@tiptap/core",
          "dependency": "@tiptap/core",
          "title": "Tiptap: mergeAttributes() turns an own __proto__ key into inherited executable DOM attributes",
          "url": "https://github.com/advisories/GHSA-cp6q-959q-f8rh",
          "severity": "moderate",
          "cwe": [
            "CWE-79",
            "CWE-1321"
          ],
          "cvss": {
            "score": 0,
            "vectorString": null
          },
          "range": ">=2.0.0-alpha.0 <3.30.4"
        }
      ],
      "effects": [
        "@tiptap/extension-blockquote",
        "@tiptap/extension-bold",
        "@tiptap/extension-bubble-menu",
        "@tiptap/extension-bullet-list",
        "@tiptap/extension-code",
        "@tiptap/extension-code-block",
        "@tiptap/extension-document",
        "@tiptap/extension-dropcursor",
        "@tiptap/extension-floating-menu",
        "@tiptap/extension-gapcursor",
        "@tiptap/extension-hard-break",
        "@tiptap/extension-heading",
        "@tiptap/extension-history",
        "@tiptap/extension-horizontal-rule",
        "@tiptap/extension-image",
        "@tiptap/extension-italic",
        "@tiptap/extension-link",
        "@tiptap/extension-list-item",
        "@tiptap/extension-ordered-list",
        "@tiptap/extension-paragraph",
        "@tiptap/extension-placeholder",
        "@tiptap/extension-strike",
        "@tiptap/extension-table",
        "@tiptap/extension-table-cell",
        "@tiptap/extension-table-header",
        "@tiptap/extension-table-row",
        "@tiptap/extension-text",
        "@tiptap/extension-text-style",
        "@tiptap/react",
        "@tiptap/starter-kit",
        "tiptap-markdown"
      ],
      "range": "<=3.30.3",
      "nodes": [
        "node_modules/@tiptap/core"
      ],
      "fixAvailable": {
        "name": "@tiptap/extension-code-block",
        "version": "3.31.3",
        "isSemVerMajor": true
      }
    },
    "@tiptap/extension-blockquote": {
      "name": "@tiptap/extension-blockquote",
      "severity": "moderate",
      "isDirect": false,
      "via": [
        "@tiptap/core"
      ],
      "effects": [],
      "range": "<=3.0.0-next.8 || 3.22.4 - 3.30.3",
      "nodes": [
        "node_modules/@tiptap/extension-blockquote"
      ],
      "fixAvailable": true
    },
    "@tiptap/extension-bold": {
      "name": "@tiptap/extension-bold",
      "severity": "moderate",
      "isDirect": false,
      "via": [
        "@tiptap/core"
      ],
      "effects": [],
      "range": "<=3.0.0-next.8 || 3.22.4 - 3.30.3",
      "nodes": [
        "node_modules/@tiptap/extension-bold"
      ],
      "fixAvailable": true
    },
    "@tiptap/extension-bubble-menu": {
      "name": "@tiptap/extension-bubble-menu",
      "severity": "moderate",
      "isDirect": false,
      "via": [
        "@tiptap/core"
      ],
      "effects": [
        "@tiptap/react"
      ],
      "range": "<=3.0.0-next.8 || 3.22.4 - 3.30.3",
      "nodes": [
        "node_modules/@tiptap/extension-bubble-menu"
      ],
      "fixAvailable": {
        "name": "@tiptap/react",
        "version": "3.31.3",
        "isSemVerMajor": true
      }
    },
    "@tiptap/extension-bullet-list": {
      "name": "@tiptap/extension-bullet-list",
      "severity": "moderate",
      "isDirect": false,
      "via": [
        "@tiptap/core"
      ],
      "effects": [],
      "range": "<=2.27.3",
      "nodes": [
        "node_modules/@tiptap/extension-bullet-list"
      ],
      "fixAvailable": true
    },
    "@tiptap/extension-code": {
      "name": "@tiptap/extension-code",
      "severity": "moderate",
      "isDirect": false,
      "via": [
        "@tiptap/core"
      ],
      "effects": [],
      "range": "<=3.0.0-next.8 || 3.22.4 - 3.30.3",
      "nodes": [
        "node_modules/@tiptap/extension-code"
      ],
      "fixAvailable": true
    },
    "@tiptap/extension-code-block": {
      "name": "@tiptap/extension-code-block",
      "severity": "moderate",
      "isDirect": true,
      "via": [
        "@tiptap/core"
      ],
      "effects": [],
      "range": "<=3.0.0-next.8 || 3.22.4 - 3.30.3",
      "nodes": [
        "node_modules/@tiptap/extension-code-block"
      ],
      "fixAvailable": {
        "name": "@tiptap/extension-code-block",
        "version": "3.31.3",
        "isSemVerMajor": true
      }
    },
    "@tiptap/extension-document": {
      "name": "@tiptap/extension-document",
      "severity": "moderate",
      "isDirect": false,
      "via": [
        "@tiptap/core"
      ],
      "effects": [],
      "range": "<=3.0.0-next.8 || 3.22.4 - 3.30.3",
      "nodes": [
        "node_modules/@tiptap/extension-document"
      ],
      "fixAvailable": true
    },
    "@tiptap/extension-dropcursor": {
      "name": "@tiptap/extension-dropcursor",
      "severity": "moderate",
      "isDirect": false,
      "via": [
        "@tiptap/core"
      ],
      "effects": [],
      "range": "<=2.27.3",
      "nodes": [
        "node_modules/@tiptap/extension-dropcursor"
      ],
      "fixAvailable": true
    },
    "@tiptap/extension-floating-menu": {
      "name": "@tiptap/extension-floating-menu",
      "severity": "moderate",
      "isDirect": false,
      "via": [
        "@tiptap/core"
      ],
      "effects": [],
      "range": "<=3.0.0-next.8 || 3.22.4 - 3.30.3",
      "nodes": [
        "node_modules/@tiptap/extension-floating-menu"
      ],
      "fixAvailable": true
    },
    "@tiptap/extension-gapcursor": {
      "name": "@tiptap/extension-gapcursor",
      "severity": "moderate",
      "isDirect": false,
      "via": [
        "@tiptap/core"
      ],
      "effects": [],
      "range": "<=2.27.3",
      "nodes": [
        "node_modules/@tiptap/extension-gapcursor"
      ],
      "fixAvailable": true
    },
    "@tiptap/extension-hard-break": {
      "name": "@tiptap/extension-hard-break",
      "severity": "moderate",
      "isDirect": false,
      "via": [
        "@tiptap/core"
      ],
      "effects": [],
      "range": "<=3.0.0-next.8 || 3.22.4 - 3.30.3",
      "nodes": [
        "node_modules/@tiptap/extension-hard-break"
      ],
      "fixAvailable": true
    },
    "@tiptap/extension-heading": {
      "name": "@tiptap/extension-heading",
      "severity": "moderate",
      "isDirect": false,
      "via": [
        "@tiptap/core"
      ],
      "effects": [],
      "range": "<=3.0.0-next.8 || 3.22.4 - 3.30.3",
      "nodes": [
        "node_modules/@tiptap/extension-heading"
      ],
      "fixAvailable": true
    },
    "@tiptap/extension-history": {
      "name": "@tiptap/extension-history",
      "severity": "moderate",
      "isDirect": false,
      "via": [
        "@tiptap/core"
      ],
      "effects": [],
      "range": "<=2.27.3",
      "nodes": [
        "node_modules/@tiptap/extension-history"
      ],
      "fixAvailable": true
    },
    "@tiptap/extension-horizontal-rule": {
      "name": "@tiptap/extension-horizontal-rule",
      "severity": "moderate",
      "isDirect": false,
      "via": [
        "@tiptap/core"
      ],
      "effects": [],
      "range": "<=3.0.0-next.8 || 3.22.4 - 3.30.3",
      "nodes": [
        "node_modules/@tiptap/extension-horizontal-rule"
      ],
      "fixAvailable": true
    },
    "@tiptap/extension-image": {
      "name": "@tiptap/extension-image",
      "severity": "moderate",
      "isDirect": true,
      "via": [
        "@tiptap/core"
      ],
      "effects": [],
      "range": "<=3.0.0-next.8 || 3.22.4 - 3.30.3",
      "nodes": [
        "node_modules/@tiptap/extension-image"
      ],
      "fixAvailable": {
        "name": "@tiptap/extension-image",
        "version": "3.31.3",
        "isSemVerMajor": true
      }
    },
    "@tiptap/extension-italic": {
      "name": "@tiptap/extension-italic",
      "severity": "moderate",
      "isDirect": false,
      "via": [
        "@tiptap/core"
      ],
      "effects": [],
      "range": "<=3.0.0-next.8 || 3.22.4 - 3.30.3",
      "nodes": [
        "node_modules/@tiptap/extension-italic"
      ],
      "fixAvailable": true
    },
    "@tiptap/extension-link": {
      "name": "@tiptap/extension-link",
      "severity": "moderate",
      "isDirect": true,
      "via": [
        "@tiptap/core"
      ],
      "effects": [],
      "range": "<=3.0.0-next.8 || 3.22.4 - 3.30.3",
      "nodes": [
        "node_modules/@tiptap/extension-link"
      ],
      "fixAvailable": {
        "name": "@tiptap/extension-link",
        "version": "3.31.3",
        "isSemVerMajor": true
      }
    },
    "@tiptap/extension-list-item": {
      "name": "@tiptap/extension-list-item",
      "severity": "moderate",
      "isDirect": false,
      "via": [
        "@tiptap/core"
      ],
      "effects": [
        "@tiptap/starter-kit"
      ],
      "range": "<=2.27.3",
      "nodes": [
        "node_modules/@tiptap/extension-list-item"
      ],
      "fixAvailable": {
        "name": "@tiptap/starter-kit",
        "version": "3.31.3",
        "isSemVerMajor": true
      }
    },
    "@tiptap/extension-ordered-list": {
      "name": "@tiptap/extension-ordered-list",
      "severity": "moderate",
      "isDirect": false,
      "via": [
        "@tiptap/core"
      ],
      "effects": [],
      "range": "<=2.27.3",
      "nodes": [
        "node_modules/@tiptap/extension-ordered-list"
      ],
      "fixAvailable": true
    },
    "@tiptap/extension-paragraph": {
      "name": "@tiptap/extension-paragraph",
      "severity": "moderate",
      "isDirect": false,
      "via": [
        "@tiptap/core"
      ],
      "effects": [],
      "range": "<=3.0.0-next.8 || 3.22.4 - 3.30.3",
      "nodes": [
        "node_modules/@tiptap/extension-paragraph"
      ],
      "fixAvailable": true
    },
    "@tiptap/extension-placeholder": {
      "name": "@tiptap/extension-placeholder",
      "severity": "moderate",
      "isDirect": true,
      "via": [
        "@tiptap/core"
      ],
      "effects": [],
      "range": "<=2.27.3",
      "nodes": [
        "node_modules/@tiptap/extension-placeholder"
      ],
      "fixAvailable": {
        "name": "@tiptap/extension-placeholder",
        "version": "3.31.3",
        "isSemVerMajor": true
      }
    },
    "@tiptap/extension-strike": {
      "name": "@tiptap/extension-strike",
      "severity": "moderate",
      "isDirect": false,
      "via": [
        "@tiptap/core"
      ],
      "effects": [],
      "range": "<=3.0.0-next.8 || 3.22.4 - 3.30.3",
      "nodes": [
        "node_modules/@tiptap/extension-strike"
      ],
      "fixAvailable": true
    },
    "@tiptap/extension-table": {
      "name": "@tiptap/extension-table",
      "severity": "moderate",
      "isDirect": true,
      "via": [
        "@tiptap/core"
      ],
      "effects": [],
      "range": "<=3.0.0-next.8 || 3.22.4 - 3.30.3",
      "nodes": [
        "node_modules/@tiptap/extension-table"
      ],
      "fixAvailable": {
        "name": "@tiptap/extension-table",
        "version": "3.31.3",
        "isSemVerMajor": true
      }
    },
    "@tiptap/extension-table-cell": {
      "name": "@tiptap/extension-table-cell",
      "severity": "moderate",
      "isDirect": true,
      "via": [
        "@tiptap/core"
      ],
      "effects": [],
      "range": "<=2.27.3",
      "nodes": [
        "node_modules/@tiptap/extension-table-cell"
      ],
      "fixAvailable": {
        "name": "@tiptap/extension-table-cell",
        "version": "3.31.3",
        "isSemVerMajor": true
      }
    },
    "@tiptap/extension-table-header": {
      "name": "@tiptap/extension-table-header",
      "severity": "moderate",
      "isDirect": true,
      "via": [
        "@tiptap/core"
      ],
      "effects": [],
      "range": "<=2.27.3",
      "nodes": [
        "node_modules/@tiptap/extension-table-header"
      ],
      "fixAvailable": {
        "name": "@tiptap/extension-table-header",
        "version": "3.31.3",
        "isSemVerMajor": true
      }
    },
    "@tiptap/extension-table-row": {
      "name": "@tiptap/extension-table-row",
      "severity": "moderate",
      "isDirect": true,
      "via": [
        "@tiptap/core"
      ],
      "effects": [],
      "range": "<=2.27.3",
      "nodes": [
        "node_modules/@tiptap/extension-table-row"
      ],
      "fixAvailable": {
        "name": "@tiptap/extension-table-row",
        "version": "3.31.3",
        "isSemVerMajor": true
      }
    },
    "@tiptap/extension-text": {
      "name": "@tiptap/extension-text",
      "severity": "moderate",
      "isDirect": false,
      "via": [
        "@tiptap/core"
      ],
      "effects": [],
      "range": "<=3.0.0-next.8 || 3.22.4 - 3.30.3",
      "nodes": [
        "node_modules/@tiptap/extension-text"
      ],
      "fixAvailable": true
    },
    "@tiptap/extension-text-style": {
      "name": "@tiptap/extension-text-style",
      "severity": "moderate",
      "isDirect": false,
      "via": [
        "@tiptap/core"
      ],
      "effects": [
        "@tiptap/starter-kit"
      ],
      "range": "<=3.0.0-next.8 || 3.22.4 - 3.30.3",
      "nodes": [
        "node_modules/@tiptap/extension-text-style"
      ],
      "fixAvailable": {
        "name": "@tiptap/starter-kit",
        "version": "3.31.3",
        "isSemVerMajor": true
      }
    },
    "@tiptap/react": {
      "name": "@tiptap/react",
      "severity": "moderate",
      "isDirect": true,
      "via": [
        "@tiptap/core",
        "@tiptap/extension-bubble-menu",
        "@tiptap/extension-floating-menu"
      ],
      "effects": [],
      "range": "<=3.0.0-next.8 || 3.22.4 - 3.30.3",
      "nodes": [
        "node_modules/@tiptap/react"
      ],
      "fixAvailable": {
        "name": "@tiptap/react",
        "version": "3.31.3",
        "isSemVerMajor": true
      }
    },
    "@tiptap/starter-kit": {
      "name": "@tiptap/starter-kit",
      "severity": "moderate",
      "isDirect": true,
      "via": [
        "@tiptap/core",
        "@tiptap/extension-blockquote",
        "@tiptap/extension-bold",
        "@tiptap/extension-bullet-list",
        "@tiptap/extension-code",
        "@tiptap/extension-code-block",
        "@tiptap/extension-document",
        "@tiptap/extension-dropcursor",
        "@tiptap/extension-gapcursor",
        "@tiptap/extension-hard-break",
        "@tiptap/extension-heading",
        "@tiptap/extension-history",
        "@tiptap/extension-horizontal-rule",
        "@tiptap/extension-italic",
        "@tiptap/extension-list-item",
        "@tiptap/extension-ordered-list",
        "@tiptap/extension-paragraph",
        "@tiptap/extension-strike",
        "@tiptap/extension-text",
        "@tiptap/extension-text-style"
      ],
      "effects": [],
      "range": "<=3.0.0-next.8 || 3.30.0 - 3.30.3",
      "nodes": [
        "node_modules/@tiptap/starter-kit"
      ],
      "fixAvailable": {
        "name": "@tiptap/starter-kit",
        "version": "3.31.3",
        "isSemVerMajor": true
      }
    },
    "tiptap-markdown": {
      "name": "tiptap-markdown",
      "severity": "moderate",
      "isDirect": true,
      "via": [
        "@tiptap/core"
      ],
      "effects": [],
      "range": "<=0.8.10",
      "nodes": [
        "node_modules/tiptap-markdown"
      ],
      "fixAvailable": {
        "name": "tiptap-markdown",
        "version": "0.9.0",
        "isSemVerMajor": true
      }
    }
  },
  "metadata": {
    "vulnerabilities": {
      "info": 0,
      "low": 0,
      "moderate": 32,
      "high": 0,
      "critical": 0,
      "total": 32
    },
    "dependencies": {
      "prod": 368,
      "dev": 454,
      "optional": 135,
      "peer": 11,
      "peerOptional": 0,
      "total": 875
    }
  }
}
